2026-06-04T14:24:34 supervisor started
2026-06-04T14:24:36 backend unhealthy; restarting
2026-06-04T14:24:43 frontend unhealthy; restarting
2026-06-04T14:24:50 localhost shortcut missing; restarting
2026-06-04T14:25:37 frontend unhealthy; restarting
2026-06-04T16:31:32 frontend unhealthy; restarting
2026-06-04T17:10:50 frontend unhealthy; restarting
2026-06-04T17:11:04 frontend unhealthy; restarting
2026-06-04T17:50:35 frontend unhealthy; restarting
2026-06-04T17:50:49 frontend unhealthy; restarting
2026-06-05T10:48:33 supervisor started
2026-06-05T10:48:35 backend unhealthy; restarting
2026-06-05T10:48:42 frontend unhealthy; restarting
2026-06-05T10:48:49 localhost shortcut missing; restarting
2026-06-05T10:49:33 frontend unhealthy; restarting
2026-06-05T10:50:35 frontend unhealthy; restarting
2026-06-05T10:50:49 frontend unhealthy; restarting
2026-06-05T10:51:03 frontend unhealthy; restarting
2026-06-05T10:51:16 frontend unhealthy; restarting
2026-06-05T10:51:31 frontend unhealthy; restarting
2026-06-05T10:51:45 frontend unhealthy; restarting
2026-06-05T10:51:59 frontend unhealthy; restarting
2026-06-05T10:52:13 frontend unhealthy; restarting
2026-06-05T10:52:27 frontend unhealthy; restarting
2026-06-05T10:52:41 frontend unhealthy; restarting
2026-06-05T10:52:55 frontend unhealthy; restarting
2026-06-05T10:53:08 frontend unhealthy; restarting
2026-06-05T10:53:22 frontend unhealthy; restarting
2026-06-05T10:53:36 frontend unhealthy; restarting
2026-06-05T10:55:14 supervisor started
2026-06-05T10:55:16 backend unhealthy; restarting
2026-06-05T10:55:23 frontend unhealthy; restarting
2026-06-05T10:55:29 localhost shortcut missing; restarting
2026-06-05T10:57:44 frontend unhealthy; restarting
2026-06-05T10:57:58 frontend unhealthy; restarting
2026-06-05T10:58:12 frontend unhealthy; restarting
2026-06-05T10:58:26 frontend unhealthy; restarting
2026-06-05T10:58:40 frontend unhealthy; restarting
2026-06-05T10:58:54 frontend unhealthy; restarting
2026-06-05T10:59:08 frontend unhealthy; restarting
2026-06-05T10:59:21 frontend unhealthy; restarting
2026-06-05T10:59:35 frontend unhealthy; restarting
2026-06-05T10:59:49 frontend unhealthy; restarting
2026-06-05T11:00:02 frontend unhealthy; restarting
2026-06-05T11:00:16 frontend unhealthy; restarting
2026-06-05T11:00:30 frontend unhealthy; restarting
2026-06-05T11:00:44 frontend unhealthy; restarting
2026-06-05T11:00:58 frontend unhealthy; restarting
2026-06-05T11:01:12 frontend unhealthy; restarting
2026-06-05T11:01:26 frontend unhealthy; restarting
2026-06-05T11:01:39 frontend unhealthy; restarting
2026-06-05T11:01:53 frontend unhealthy; restarting
2026-06-05T11:02:07 frontend unhealthy; restarting
2026-06-05T11:02:20 frontend unhealthy; restarting
2026-06-05T11:02:34 frontend unhealthy; restarting
2026-06-05T11:02:48 frontend unhealthy; restarting
2026-06-05T11:03:02 frontend unhealthy; restarting
2026-06-05T11:03:16 frontend unhealthy; restarting
2026-06-05T11:03:30 frontend unhealthy; restarting
2026-06-05T11:03:43 frontend unhealthy; restarting
2026-06-05T11:03:57 frontend unhealthy; restarting
2026-06-05T11:04:11 frontend unhealthy; restarting
2026-06-05T11:04:25 frontend unhealthy; restarting
2026-06-05T11:04:39 frontend unhealthy; restarting
2026-06-05T11:04:55 supervisor started
2026-06-05T11:04:57 backend unhealthy; restarting
2026-06-05T11:05:04 frontend port missing; restarting
2026-06-05T11:05:09 localhost shortcut missing; restarting
2026-06-05T11:06:08 backend unhealthy; restarting
2026-06-05T11:21:48 supervisor started
2026-06-05T11:21:50 backend unhealthy; restarting
2026-06-05T11:21:56 frontend port missing; restarting
2026-06-05T11:22:02 localhost shortcut missing; restarting
2026-06-05T11:55:53 backend unhealthy; restarting
2026-06-05T11:56:07 backend unhealthy; restarting
2026-06-05T11:56:22 backend unhealthy; restarting
2026-06-05T11:56:36 backend unhealthy; restarting
2026-06-05T11:56:51 backend unhealthy; restarting
2026-06-05T11:57:05 backend unhealthy; restarting
2026-06-05T11:57:20 backend unhealthy; restarting
2026-06-05T11:57:34 backend unhealthy; restarting
2026-06-05T11:57:49 backend unhealthy; restarting
2026-06-05T11:58:03 backend unhealthy; restarting
2026-06-05T11:58:17 backend unhealthy; restarting
2026-06-05T11:58:32 backend unhealthy; restarting
2026-06-05T11:58:46 backend unhealthy; restarting
2026-06-05T11:59:00 backend unhealthy; restarting
2026-06-05T11:59:15 backend unhealthy; restarting
2026-06-05T11:59:29 backend unhealthy; restarting
2026-06-05T11:59:44 backend unhealthy; restarting
2026-06-05T11:59:58 backend unhealthy; restarting
2026-06-05T12:00:12 backend unhealthy; restarting
2026-06-05T12:00:26 backend unhealthy; restarting
2026-06-05T12:00:41 backend unhealthy; restarting
2026-06-05T12:00:55 backend unhealthy; restarting
2026-06-05T12:01:09 backend unhealthy; restarting
2026-06-05T12:41:45 backend unhealthy; restarting
2026-06-05T12:49:42 backend unhealthy; restarting
2026-06-05T13:29:24 supervisor started
2026-06-05T13:29:26 backend unhealthy; restarting
2026-06-05T13:29:33 frontend port missing; restarting
2026-06-05T13:29:39 localhost shortcut missing; restarting
2026-06-05T13:35:04 supervisor started
2026-06-05T13:35:06 backend unhealthy; restarting
2026-06-05T13:35:14 frontend port missing; restarting
2026-06-05T13:35:21 localhost shortcut missing; restarting
2026-06-05T13:44:41 supervisor started
2026-06-05T13:44:43 backend unhealthy; restarting
2026-06-05T13:44:49 frontend port missing; restarting
2026-06-05T13:44:55 localhost shortcut missing; restarting
2026-06-05T13:47:32 supervisor started
2026-06-05T13:47:34 backend unhealthy; restarting
2026-06-05T13:47:42 frontend port missing; restarting
2026-06-05T13:47:48 localhost shortcut missing; restarting
2026-06-05T13:53:13 backend unhealthy; restarting
2026-06-05T14:09:28 supervisor started
2026-06-05T14:09:30 backend unhealthy; restarting
2026-06-05T14:09:37 frontend port missing; restarting
2026-06-05T14:09:43 localhost shortcut missing; restarting
2026-06-05T14:22:04 supervisor started
2026-06-05T14:22:06 backend unhealthy; restarting
2026-06-05T14:22:13 frontend port missing; restarting
2026-06-05T14:22:18 localhost shortcut missing; restarting
2026-06-05T15:55:36 localhost shortcut missing; restarting
2026-06-05T16:07:53 supervisor started
2026-06-05T16:07:55 backend unhealthy; restarting
2026-06-05T16:08:03 frontend port missing; restarting
2026-06-05T16:08:09 localhost shortcut missing; restarting
2026-06-05T16:33:25 supervisor started
2026-06-05T16:33:27 backend unhealthy; restarting
2026-06-05T16:33:34 frontend port missing; restarting
2026-06-05T16:33:40 localhost shortcut missing; restarting
2026-06-05T17:15:15 backend unhealthy; restarting
2026-06-05T17:46:50 supervisor started
2026-06-05T17:46:52 backend unhealthy; restarting
2026-06-05T17:47:00 frontend port missing; restarting
2026-06-05T17:47:06 localhost shortcut missing; restarting
2026-06-05T17:50:23 supervisor started
2026-06-05T17:50:26 backend unhealthy; restarting
2026-06-05T17:50:33 frontend port missing; restarting
2026-06-05T17:50:39 localhost shortcut missing; restarting
